[2026-06-26 08:07:55] ============================================================
[2026-06-26 08:07:55] LDC DAILY REFRESH START
[2026-06-26 08:07:55] ============================================================
[2026-06-26 08:07:56] [+] Abriendo portal LDC...
[2026-06-26 08:08:06] [+] Re-login (sesion expirada)...
[2026-06-26 08:08:26] [+] Token OK
[2026-06-26 08:08:26] [+] Bajando Liquidaciones (Settlements)...
[2026-06-26 08:08:26]    settlements: ERR 401
[2026-06-26 08:08:26] [+] Bajando Fijaciones (Fixations)...
[2026-06-26 08:08:26]    fixations: ERR 401
[2026-06-26 08:08:26] [+] Bajando NotAppliedProduct...
[2026-06-26 08:08:26]    not_applied: ERR 401
[2026-06-26 08:08:26] [!] Settlements y Fixations vacios — no commiteo
[2026-08-27 11:20:34] ============================================================
[2026-08-27 11:20:34] LDC DAILY REFRESH START
[2026-08-27 11:20:34] ============================================================
[2026-08-27 11:20:34] [+] Abriendo portal LDC...
[2026-08-27 11:20:56] [+] Re-login (sesion expirada)...
[2026-08-27 11:21:17] [+] Token OK
[2026-08-27 11:21:17] [+] Bajando Liquidaciones (Settlements)...
[2026-08-27 11:21:17]    settlements: ERR 401
[2026-08-27 11:21:17] [+] Bajando Fijaciones (Fixations)...
[2026-08-27 11:21:17]    fixations: ERR 401
[2026-08-27 11:21:17] [+] Bajando NotAppliedProduct...
[2026-08-27 11:21:17]    not_applied: ERR 401
[2026-08-27 11:21:17] [!] Settlements y Fixations vacios — no commiteo
[2026-08-27 14:11:03] ============================================================
[2026-08-27 14:11:03] LDC DAILY REFRESH START
[2026-08-27 14:11:03] ============================================================
[2026-08-27 14:11:04] [+] Abriendo portal LDC...
[2026-08-27 14:11:18] [+] Re-login (sesion expirada)...
[2026-08-27 14:11:38] [+] Token OK
[2026-08-27 14:11:38] [+] Bajando Liquidaciones (Settlements)...
[2026-08-27 14:11:57]    settlements: 161 items
[2026-08-27 14:11:57] [+] Bajando Fijaciones (Fixations)...
[2026-08-27 14:11:59]    fixations: 19 items
[2026-08-27 14:11:59] [+] Bajando NotAppliedProduct...
[2026-08-27 14:11:59]    not_applied: 3 items
[2026-08-27 14:11:59] [+] JSONs guardados
[2026-08-27 14:11:59] [+] Refrescando CTGs LDC del DW...
[2026-08-27 14:12:02]     -> CTGs DW actualizados
[2026-08-27 14:12:02] [OK] DONE
